-------------------------
-- Test_Subprogram_Box --
-------------------------

procedure Test_Subprogram_Box is

    ----------------
    -- Do_Nothing --
    ----------------

    procedure Do_Nothing is
    begin
        null;
    end Do_Nothing;

    -------
    -- T --
    -------

    task body T is
    begin
        null;
    end T;
begin
    null;
end Test_Subprogram_Box;